// Jest Snapshot v1, https://goo.gl/fbAQLP

exports[`Spaces project view space image should show if given 1`] = `
<div class="space-overview">
  <div class="oc-grid oc-grid-match oc-px-m oc-mt-m oc-child-width-1-3@s">
    <div><img alt="" src="data:image/jpeg;base64,ZmlsZUNvbnRlbnQ=" class="space-overview-image oc-cursor-pointer"></div>
    <div>
      <h1 class="space-overview-name oc-mb-s">space</h1>
      <!---->
      <div>
        <div class="markdown-container">
          <p>fileContent</p>
        </div>
        <!---->
      </div>
    </div>
  </div>
  <no-content-message-stub icon="folder" id="files-space-empty" class="files-empty"></no-content-message-stub>
</div>
`;

exports[`Spaces project view space readme should show if given 1`] = `
<div class="space-overview">
  <div class="oc-grid oc-grid-match oc-px-m oc-mt-m oc-child-width-1-3@s">
    <div><img alt="" src="data:image/jpeg;base64,ZmlsZUNvbnRlbnQ=" class="space-overview-image oc-cursor-pointer"></div>
    <div>
      <h1 class="space-overview-name oc-mb-s">space</h1>
      <!---->
      <div>
        <div class="markdown-container">
          <p>fileContent</p>
        </div>
        <!---->
      </div>
    </div>
  </div>
  <no-content-message-stub icon="folder" id="files-space-empty" class="files-empty"></no-content-message-stub>
</div>
`;
