// Jest Snapshot v1, https://goo.gl/fbAQLP

exports[`List component when no resource is found should show no-content-message component 1`] = `
<div class="files-search-result">
  <div class="uk-height-1-1 uk-flex uk-flex-column uk-flex-center uk-flex-middle uk-text-center files-empty">
    <div class="oc-icon oc-icon-xxl oc-icon-passive"><svg height="24" width="24" viewBox="0 0 24 24" xmlns="http://www.w3.org/2000/svg" aria-hidden="true" focusable="false">
        <path xmlns="http://www.w3.org/2000/svg" fill="none" d="M0 0h24v24H0z"></path>
        <path xmlns="http://www.w3.org/2000/svg" d="M12.414 5H21a1 1 0 0 1 1 1v14a1 1 0 0 1-1 1H3a1 1 0 0 1-1-1V4a1 1 0 0 1 1-1h7.414l2 2z"></path>
      </svg></div>
    <div class="oc-text-muted uk-text-large">
      <p class="oc-text-muted"><span data-msgid="No search term entered" data-current-language="en_US">No search term entered</span></p>
    </div>
    <div class="oc-text-muted"></div>
  </div>
</div>
`;

exports[`List component when no search term is entered should show no-content-message component 1`] = `
<div class="files-search-result">
  <div class="uk-height-1-1 uk-flex uk-flex-column uk-flex-center uk-flex-middle uk-text-center files-empty">
    <div class="oc-icon oc-icon-xxl oc-icon-passive"><svg height="24" width="24" viewBox="0 0 24 24" xmlns="http://www.w3.org/2000/svg" aria-hidden="true" focusable="false">
        <path xmlns="http://www.w3.org/2000/svg" fill="none" d="M0 0h24v24H0z"></path>
        <path xmlns="http://www.w3.org/2000/svg" d="M12.414 5H21a1 1 0 0 1 1 1v14a1 1 0 0 1-1 1H3a1 1 0 0 1-1-1V4a1 1 0 0 1 1-1h7.414l2 2z"></path>
      </svg></div>
    <div class="oc-text-muted uk-text-large">
      <p class="oc-text-muted"><span data-msgid="No search term entered" data-current-language="en_US">No search term entered</span></p>
    </div>
    <div class="oc-text-muted"></div>
  </div>
</div>
`;
